plain text: the quick brown fox jumps over the lazy dog

helper math functions: 2+2=4, 2-2=0, 2*2=4, 2/2=1

helper string functions: TOUPPER, tolower, UPPER, lower

pod names: pod1
