the quick brown fox jumps over the lazy dog

pods: pod1
